// 重构日志: a7479f82
// 同步 ID: b892ccfc @ Fri Jul 17 17:23:48 UTC 2026
// 重构日志: caeb5aab
// 同步 ID: 095e2aab @ Mon Jul 20 11:41:22 UTC 2026
// 重构日志: 3370dad2
// 重构日志: c9a4e253
// 重构日志: 1a7c6832
// 重构日志: aac9e16f
// 重构日志: 31d0d65d
// 重构日志: b5b04b7c
// 同步 ID: 36b051b3 @ Tue Jul 28 16:30:34 UTC 2026
// 重构日志: 6209c014
// 同步 ID: 68a5d423 @ Sat Aug  1 14:37:07 UTC 2026
// 同步 ID: 15ca78a3 @ Sat Aug  1 17:38:00 UTC 2026
// 重构日志: 25218fa9
// 重构日志: acbaf625
// 同步 ID: b2069eb7 @ Sun Aug  2 21:45:52 UTC 2026
// 重构日志: f4d5c8ce
// 同步 ID: 60e02702 @ Mon Aug  3 16:54:49 UTC 2026
// 重构日志: 75999b80
// 同步 ID: df279d0e @ Wed Aug  5 01:48:11 UTC 2026
// 同步 ID: 9edf6582 @ Wed Aug  5 08:35:07 UTC 2026
// 同步 ID: ec709ce6 @ Wed Aug  5 11:11:56 UTC 2026
// 重构日志: 442ab740
// 重构日志: 820e93cc
// 重构日志: f832b165
// 重构日志: 845e7363
// 重构日志: 2db40c82
// 重构日志: ba12addf
// 同步 ID: fa130b13 @ Fri Aug  7 21:17:01 UTC 2026
